// Jest Snapshot v1, https://goo.gl/fbAQLP

exports[`snapshot has data and reference 1`] = `
Array [
  <div
    style={
      Object {
        "backgroundColor": "#FFFFFF",
        "borderLeft": "5px solid #44C6FF",
        "boxShadow": "0 1px 4px rgba(0, 0, 0, 0.3), 0 0 40px rgba(0, 0, 0, 0.1) inset",
        "cursor": "move",
        "display": "flex",
        "flexDirection": "row",
        "margin": "10px",
        "opacity": 1,
        "padding": "5px",
      }
    }
  >
    <span
      style={
        Object {
          "flex": 1,
        }
      }
    >
      Many
    </span>
  </div>,
  <div
    style={
      Object {
        "backgroundColor": "#FFFFFF",
        "borderLeft": "5px solid #44C6FF",
        "boxShadow": "0 1px 4px rgba(0, 0, 0, 0.3), 0 0 40px rgba(0, 0, 0, 0.1) inset",
        "cursor": "move",
        "display": "flex",
        "flexDirection": "row",
        "margin": "10px",
        "opacity": 1,
        "padding": "5px",
      }
    }
  >
    <span
      style={
        Object {
          "flex": 1,
        }
      }
    >
      have
    </span>
    <sup
      style={
        Object {
          "marginTop": "2px",
          "opacity": "0.8",
          "top": 0,
        }
      }
    >
      1
    </sup>
  </div>,
  <div
    style={
      Object {
        "backgroundColor": "#FFFFFF",
        "borderLeft": "5px solid #44C6FF",
        "boxShadow": "0 1px 4px rgba(0, 0, 0, 0.3), 0 0 40px rgba(0, 0, 0, 0.1) inset",
        "cursor": "move",
        "display": "flex",
        "flexDirection": "row",
        "margin": "10px",
        "opacity": 1,
        "padding": "5px",
      }
    }
  >
    <span
      style={
        Object {
          "flex": 1,
        }
      }
    >
      taken
    </span>
  </div>,
  <div
    style={
      Object {
        "backgroundColor": "#FFFFFF",
        "borderLeft": "5px solid #44C6FF",
        "boxShadow": "0 1px 4px rgba(0, 0, 0, 0.3), 0 0 40px rgba(0, 0, 0, 0.1) inset",
        "cursor": "move",
        "display": "flex",
        "flexDirection": "row",
        "margin": "10px",
        "opacity": 1,
        "padding": "5px",
      }
    }
  >
    <span
      style={
        Object {
          "flex": 1,
        }
      }
    >
      on
    </span>
    <sup
      style={
        Object {
          "marginTop": "2px",
          "opacity": "0.8",
          "top": 0,
        }
      }
    >
      1
    </sup>
  </div>,
  <div
    style={
      Object {
        "backgroundColor": "#FFFFFF",
        "borderLeft": "5px solid #44C6FF",
        "boxShadow": "0 1px 4px rgba(0, 0, 0, 0.3), 0 0 40px rgba(0, 0, 0, 0.1) inset",
        "cursor": "move",
        "display": "flex",
        "flexDirection": "row",
        "margin": "10px",
        "opacity": 1,
        "padding": "5px",
      }
    }
  >
    <span
      style={
        Object {
          "flex": 1,
        }
      }
    >
      the
    </span>
    <sup
      style={
        Object {
          "marginTop": "2px",
          "opacity": "0.8",
          "top": 0,
        }
      }
    >
      1
    </sup>
  </div>,
  <div
    style={
      Object {
        "backgroundColor": "#FFFFFF",
        "borderLeft": "5px solid #44C6FF",
        "boxShadow": "0 1px 4px rgba(0, 0, 0, 0.3), 0 0 40px rgba(0, 0, 0, 0.1) inset",
        "cursor": "move",
        "display": "flex",
        "flexDirection": "row",
        "margin": "10px",
        "opacity": 1,
        "padding": "5px",
      }
    }
  >
    <span
      style={
        Object {
          "flex": 1,
        }
      }
    >
      work
    </span>
  </div>,
  <div
    style={
      Object {
        "backgroundColor": "#FFFFFF",
        "borderLeft": "5px solid #44C6FF",
        "boxShadow": "0 1px 4px rgba(0, 0, 0, 0.3), 0 0 40px rgba(0, 0, 0, 0.1) inset",
        "cursor": "move",
        "display": "flex",
        "flexDirection": "row",
        "margin": "10px",
        "opacity": 1,
        "padding": "5px",
      }
    }
  >
    <span
      style={
        Object {
          "flex": 1,
        }
      }
    >
      of
    </span>
    <sup
      style={
        Object {
          "marginTop": "2px",
          "opacity": "0.8",
          "top": 0,
        }
      }
    >
      1
    </sup>
  </div>,
  <div
    style={
      Object {
        "backgroundColor": "#FFFFFF",
        "borderLeft": "5px solid #44C6FF",
        "boxShadow": "0 1px 4px rgba(0, 0, 0, 0.3), 0 0 40px rgba(0, 0, 0, 0.1) inset",
        "cursor": "move",
        "display": "flex",
        "flexDirection": "row",
        "margin": "10px",
        "opacity": 1,
        "padding": "5px",
      }
    }
  >
    <span
      style={
        Object {
          "flex": 1,
        }
      }
    >
      putting
    </span>
  </div>,
  <div
    style={
      Object {
        "backgroundColor": "#FFFFFF",
        "borderLeft": "5px solid #44C6FF",
        "boxShadow": "0 1px 4px rgba(0, 0, 0, 0.3), 0 0 40px rgba(0, 0, 0, 0.1) inset",
        "cursor": "move",
        "display": "flex",
        "flexDirection": "row",
        "margin": "10px",
        "opacity": 1,
        "padding": "5px",
      }
    }
  >
    <span
      style={
        Object {
          "flex": 1,
        }
      }
    >
      together
    </span>
  </div>,
  <div
    style={
      Object {
        "backgroundColor": "#FFFFFF",
        "borderLeft": "5px solid #44C6FF",
        "boxShadow": "0 1px 4px rgba(0, 0, 0, 0.3), 0 0 40px rgba(0, 0, 0, 0.1) inset",
        "cursor": "move",
        "display": "flex",
        "flexDirection": "row",
        "margin": "10px",
        "opacity": 1,
        "padding": "5px",
      }
    }
  >
    <span
      style={
        Object {
          "flex": 1,
        }
      }
    >
      an
    </span>
    <sup
      style={
        Object {
          "marginTop": "2px",
          "opacity": "0.8",
          "top": 0,
        }
      }
    >
      1
    </sup>
  </div>,
  <div
    style={
      Object {
        "backgroundColor": "#FFFFFF",
        "borderLeft": "5px solid #44C6FF",
        "boxShadow": "0 1px 4px rgba(0, 0, 0, 0.3), 0 0 40px rgba(0, 0, 0, 0.1) inset",
        "cursor": "move",
        "display": "flex",
        "flexDirection": "row",
        "margin": "10px",
        "opacity": 1,
        "padding": "5px",
      }
    }
  >
    <span
      style={
        Object {
          "flex": 1,
        }
      }
    >
      account
    </span>
  </div>,
  <div
    style={
      Object {
        "backgroundColor": "#FFFFFF",
        "borderLeft": "5px solid #44C6FF",
        "boxShadow": "0 1px 4px rgba(0, 0, 0, 0.3), 0 0 40px rgba(0, 0, 0, 0.1) inset",
        "cursor": "move",
        "display": "flex",
        "flexDirection": "row",
        "margin": "10px",
        "opacity": 1,
        "padding": "5px",
      }
    }
  >
    <span
      style={
        Object {
          "flex": 1,
        }
      }
    >
      of
    </span>
    <sup
      style={
        Object {
          "marginTop": "2px",
          "opacity": "0.8",
          "top": 0,
        }
      }
    >
      2
    </sup>
  </div>,
  <div
    style={
      Object {
        "backgroundColor": "#FFFFFF",
        "borderLeft": "5px solid #44C6FF",
        "boxShadow": "0 1px 4px rgba(0, 0, 0, 0.3), 0 0 40px rgba(0, 0, 0, 0.1) inset",
        "cursor": "move",
        "display": "flex",
        "flexDirection": "row",
        "margin": "10px",
        "opacity": 1,
        "padding": "5px",
      }
    }
  >
    <span
      style={
        Object {
          "flex": 1,
        }
      }
    >
      the
    </span>
    <sup
      style={
        Object {
          "marginTop": "2px",
          "opacity": "0.8",
          "top": 0,
        }
      }
    >
      2
    </sup>
  </div>,
  <div
    style={
      Object {
        "backgroundColor": "#FFFFFF",
        "borderLeft": "5px solid #44C6FF",
        "boxShadow": "0 1px 4px rgba(0, 0, 0, 0.3), 0 0 40px rgba(0, 0, 0, 0.1) inset",
        "cursor": "move",
        "display": "flex",
        "flexDirection": "row",
        "margin": "10px",
        "opacity": 1,
        "padding": "5px",
      }
    }
  >
    <span
      style={
        Object {
          "flex": 1,
        }
      }
    >
      things
    </span>
  </div>,
  <div
    style={
      Object {
        "backgroundColor": "#FFFFFF",
        "borderLeft": "5px solid #44C6FF",
        "boxShadow": "0 1px 4px rgba(0, 0, 0, 0.3), 0 0 40px rgba(0, 0, 0, 0.1) inset",
        "cursor": "move",
        "display": "flex",
        "flexDirection": "row",
        "margin": "10px",
        "opacity": 1,
        "padding": "5px",
      }
    }
  >
    <span
      style={
        Object {
          "flex": 1,
        }
      }
    >
      that
    </span>
  </div>,
  <div
    style={
      Object {
        "backgroundColor": "#FFFFFF",
        "borderLeft": "5px solid #44C6FF",
        "boxShadow": "0 1px 4px rgba(0, 0, 0, 0.3), 0 0 40px rgba(0, 0, 0, 0.1) inset",
        "cursor": "move",
        "display": "flex",
        "flexDirection": "row",
        "margin": "10px",
        "opacity": 1,
        "padding": "5px",
      }
    }
  >
    <span
      style={
        Object {
          "flex": 1,
        }
      }
    >
      have
    </span>
    <sup
      style={
        Object {
          "marginTop": "2px",
          "opacity": "0.8",
          "top": 0,
        }
      }
    >
      2
    </sup>
  </div>,
  <div
    style={
      Object {
        "backgroundColor": "#FFFFFF",
        "borderLeft": "5px solid #44C6FF",
        "boxShadow": "0 1px 4px rgba(0, 0, 0, 0.3), 0 0 40px rgba(0, 0, 0, 0.1) inset",
        "cursor": "move",
        "display": "flex",
        "flexDirection": "row",
        "margin": "10px",
        "opacity": 1,
        "padding": "5px",
      }
    }
  >
    <span
      style={
        Object {
          "flex": 1,
        }
      }
    >
      been
    </span>
  </div>,
  <div
    style={
      Object {
        "backgroundColor": "#FFFFFF",
        "borderLeft": "5px solid #44C6FF",
        "boxShadow": "0 1px 4px rgba(0, 0, 0, 0.3), 0 0 40px rgba(0, 0, 0, 0.1) inset",
        "cursor": "move",
        "display": "flex",
        "flexDirection": "row",
        "margin": "10px",
        "opacity": 1,
        "padding": "5px",
      }
    }
  >
    <span
      style={
        Object {
          "flex": 1,
        }
      }
    >
      fulfilled
    </span>
  </div>,
  <div
    style={
      Object {
        "backgroundColor": "#FFFFFF",
        "borderLeft": "5px solid #44C6FF",
        "boxShadow": "0 1px 4px rgba(0, 0, 0, 0.3), 0 0 40px rgba(0, 0, 0, 0.1) inset",
        "cursor": "move",
        "display": "flex",
        "flexDirection": "row",
        "margin": "10px",
        "opacity": 1,
        "padding": "5px",
      }
    }
  >
    <span
      style={
        Object {
          "flex": 1,
        }
      }
    >
      among
    </span>
  </div>,
  <div
    style={
      Object {
        "backgroundColor": "#FFFFFF",
        "borderLeft": "5px solid #44C6FF",
        "boxShadow": "0 1px 4px rgba(0, 0, 0, 0.3), 0 0 40px rgba(0, 0, 0, 0.1) inset",
        "cursor": "move",
        "display": "flex",
        "flexDirection": "row",
        "margin": "10px",
        "opacity": 1,
        "padding": "5px",
      }
    }
  >
    <span
      style={
        Object {
          "flex": 1,
        }
      }
    >
      us
    </span>
  </div>,
]
`;

exports[`snapshot has no alignment data 1`] = `null`;

exports[`snapshot has no reference 1`] = `null`;
