// Jest Snapshot v1, https://goo.gl/fbAQLP

exports[`snapshot has no words 1`] = `null`;

exports[`snapshot has words 1`] = `
Array [
  <div
    style={
      Object {
        "margin": "10px",
      }
    }
  >
    <div
      onClick={[Function]}
      style={
        Object {
          "flex": 1,
        }
      }
    >
      <div
        style={
          Object {
            "flex": 1,
          }
        }
      >
        <div
          style={
            Object {
              "backgroundColor": "#FFFFFF",
              "borderLeft": "5px solid #44C6FF",
              "boxShadow": "0 1px 4px rgba(0, 0, 0, 0.3), 0 0 40px rgba(0, 0, 0, 0.1) inset",
              "cursor": "pointer",
              "display": "flex",
              "flexDirection": "row",
              "opacity": 1,
              "padding": "9px",
            }
          }
        >
          <span
            style={
              Object {
                "display": "flex",
                "flex": 1,
                "overflow": "hidden",
              }
            }
          >
            <span
              onClick={[Function]}
              style={
                Object {
                  "flexGrow": 2,
                  "overflow": "hidden",
                  "textOverflow": "ellipsis",
                  "width": "max-content",
                  "wordBreak": "break-all",
                }
              }
            >
              w1
            </span>
          </span>
        </div>
      </div>
    </div>
  </div>,
  <div
    style={
      Object {
        "margin": "10px",
      }
    }
  >
    <div
      onClick={[Function]}
      style={
        Object {
          "flex": 1,
        }
      }
    >
      <div
        style={
          Object {
            "flex": 1,
          }
        }
      >
        <div
          style={
            Object {
              "backgroundColor": "#FFFFFF",
              "borderLeft": "5px solid #44C6FF",
              "boxShadow": "0 1px 4px rgba(0, 0, 0, 0.3), 0 0 40px rgba(0, 0, 0, 0.1) inset",
              "cursor": "pointer",
              "display": "flex",
              "flexDirection": "row",
              "opacity": 1,
              "padding": "9px",
            }
          }
        >
          <span
            style={
              Object {
                "display": "flex",
                "flex": 1,
                "overflow": "hidden",
              }
            }
          >
            <span
              onClick={[Function]}
              style={
                Object {
                  "flexGrow": 2,
                  "overflow": "hidden",
                  "textOverflow": "ellipsis",
                  "width": "max-content",
                  "wordBreak": "break-all",
                }
              }
            >
              w2
            </span>
          </span>
        </div>
      </div>
    </div>
  </div>,
  <div
    style={
      Object {
        "margin": "10px",
      }
    }
  >
    <div
      onClick={[Function]}
      style={
        Object {
          "flex": 1,
        }
      }
    >
      <div
        style={
          Object {
            "flex": 1,
          }
        }
      >
        <div
          style={
            Object {
              "backgroundColor": "#FFFFFF",
              "borderLeft": "5px solid #868686",
              "boxShadow": "0 1px 4px rgba(0, 0, 0, 0.3), 0 0 40px rgba(0, 0, 0, 0.1) inset",
              "cursor": "not-allowed",
              "display": "flex",
              "flexDirection": "row",
              "opacity": 0.3,
              "padding": "9px",
              "userSelect": "none",
            }
          }
        >
          <span
            style={
              Object {
                "display": "flex",
                "flex": 1,
                "overflow": "hidden",
              }
            }
          >
            <span
              onClick={[Function]}
              style={
                Object {
                  "flexGrow": 2,
                  "overflow": "hidden",
                  "textOverflow": "ellipsis",
                  "width": "max-content",
                  "wordBreak": "break-all",
                }
              }
            >
              w3
            </span>
          </span>
        </div>
      </div>
    </div>
  </div>,
]
`;
