// Jest Snapshot v1, https://goo.gl/fbAQLP

exports[`Container renders 1`] = `
<DragDropContext(Tool)
  actions={
    Object {
      "getWordListForVerse": [Function],
      "loadLexiconEntry": [Function],
      "moveBackToWordBank": [Function],
      "setToolSettings": [Function],
      "showPopover": [Function],
    }
  }
  api={
    Object {
      "appLanguage": "en",
      "closeLoading": [Function],
      "readGlobalToolData": [Function],
      "showDialog": [Function],
      "showLoading": [Function],
      "sourceChapter": Object {},
      "targetChapter": Object {},
      "writeGlobalToolData": [Function],
    }
  }
  appLanguage="en"
  contextIdReducer={Object {}}
  currentToolViews={Object {}}
  projectDetailsReducer={Object {}}
  resourcesReducer={
    Object {
      "bibles": Array [],
      "lexicons": Object {},
    }
  }
  selectionsReducer={
    Object {
      "selections": Array [
        Object {
          "text": "text",
        },
      ],
    }
  }
  settingsReducer={
    Object {
      "toolsSettings": Object {
        "ScripturePane": Object {
          "currentPaneSettings": Array [],
        },
      },
    }
  }
  translate={[Function]}
  wordAlignmentReducer={
    Object {
      "alignmentData": Object {},
    }
  }
>
  <Tool
    actions={
      Object {
        "getWordListForVerse": [Function],
        "loadLexiconEntry": [Function],
        "moveBackToWordBank": [Function],
        "setToolSettings": [Function],
        "showPopover": [Function],
      }
    }
    api={
      Object {
        "appLanguage": "en",
        "closeLoading": [Function],
        "readGlobalToolData": [Function],
        "showDialog": [Function],
        "showLoading": [Function],
        "sourceChapter": Object {},
        "targetChapter": Object {},
        "writeGlobalToolData": [Function],
      }
    }
    appLanguage="en"
    contextIdReducer={Object {}}
    currentToolViews={Object {}}
    projectDetailsReducer={Object {}}
    resourcesReducer={
      Object {
        "bibles": Array [],
        "lexicons": Object {},
      }
    }
    selectionsReducer={
      Object {
        "selections": Array [
          Object {
            "text": "text",
          },
        ],
      }
    }
    settingsReducer={
      Object {
        "toolsSettings": Object {
          "ScripturePane": Object {
            "currentPaneSettings": Array [],
          },
        },
      }
    }
    translate={[Function]}
    wordAlignmentReducer={
      Object {
        "alignmentData": Object {},
      }
    }
  >
    <Provider
      store={
        Object {
          "dispatch": [Function],
          "getState": [Function],
          "replaceReducer": [Function],
          "subscribe": [Function],
          Symbol(observable): [Function],
        }
      }
    >
      <TestContextContainer
        actions={
          Object {
            "getWordListForVerse": [Function],
            "loadLexiconEntry": [Function],
            "moveBackToWordBank": [Function],
            "setToolSettings": [Function],
            "showPopover": [Function],
          }
        }
        api={
          Object {
            "appLanguage": "en",
            "closeLoading": [Function],
            "readGlobalToolData": [Function],
            "showDialog": [Function],
            "showLoading": [Function],
            "sourceChapter": Object {},
            "targetChapter": Object {},
            "writeGlobalToolData": [Function],
          }
        }
        appLanguage="en"
        contextIdReducer={Object {}}
        currentToolViews={Object {}}
        projectDetailsReducer={Object {}}
        resourcesReducer={
          Object {
            "bibles": Array [],
            "lexicons": Object {},
          }
        }
        selectionsReducer={
          Object {
            "selections": Array [
              Object {
                "text": "text",
              },
            ],
          }
        }
        settingsReducer={
          Object {
            "toolsSettings": Object {
              "ScripturePane": Object {
                "currentPaneSettings": Array [],
              },
            },
          }
        }
        translate={[Function]}
        wordAlignmentReducer={
          Object {
            "alignmentData": Object {},
          }
        }
      >
        <DragDropContext(Connect(Container))
          actions={
            Object {
              "getWordListForVerse": [Function],
              "loadLexiconEntry": [Function],
              "moveBackToWordBank": [Function],
              "setToolSettings": [Function],
              "showPopover": [Function],
            }
          }
          api={
            Object {
              "appLanguage": "en",
              "closeLoading": [Function],
              "readGlobalToolData": [Function],
              "showDialog": [Function],
              "showLoading": [Function],
              "sourceChapter": Object {},
              "targetChapter": Object {},
              "writeGlobalToolData": [Function],
            }
          }
          appLanguage="en"
          contextIdReducer={Object {}}
          currentToolViews={Object {}}
          projectDetailsReducer={Object {}}
          resourcesReducer={
            Object {
              "bibles": Array [],
              "lexicons": Object {},
            }
          }
          selectionsReducer={
            Object {
              "selections": Array [
                Object {
                  "text": "text",
                },
              ],
            }
          }
          settingsReducer={
            Object {
              "toolsSettings": Object {
                "ScripturePane": Object {
                  "currentPaneSettings": Array [],
                },
              },
            }
          }
          translate={[Function]}
          wordAlignmentReducer={
            Object {
              "alignmentData": Object {},
            }
          }
        >
          <Connect(Container)
            actions={
              Object {
                "getWordListForVerse": [Function],
                "loadLexiconEntry": [Function],
                "moveBackToWordBank": [Function],
                "setToolSettings": [Function],
                "showPopover": [Function],
              }
            }
            api={
              Object {
                "appLanguage": "en",
                "closeLoading": [Function],
                "readGlobalToolData": [Function],
                "showDialog": [Function],
                "showLoading": [Function],
                "sourceChapter": Object {},
                "targetChapter": Object {},
                "writeGlobalToolData": [Function],
              }
            }
            appLanguage="en"
            contextIdReducer={Object {}}
            currentToolViews={Object {}}
            projectDetailsReducer={Object {}}
            resourcesReducer={
              Object {
                "bibles": Array [],
                "lexicons": Object {},
              }
            }
            selectionsReducer={
              Object {
                "selections": Array [
                  Object {
                    "text": "text",
                  },
                ],
              }
            }
            settingsReducer={
              Object {
                "toolsSettings": Object {
                  "ScripturePane": Object {
                    "currentPaneSettings": Array [],
                  },
                },
              }
            }
            translate={[Function]}
            wordAlignmentReducer={
              Object {
                "alignmentData": Object {},
              }
            }
          >
            <Container
              actions={
                Object {
                  "getWordListForVerse": [Function],
                  "loadLexiconEntry": [Function],
                  "moveBackToWordBank": [Function],
                  "setToolSettings": [Function],
                  "showPopover": [Function],
                }
              }
              alignTargetToken={[Function]}
              alignedTokens={Array []}
              api={
                Object {
                  "appLanguage": "en",
                  "closeLoading": [Function],
                  "readGlobalToolData": [Function],
                  "showDialog": [Function],
                  "showLoading": [Function],
                  "sourceChapter": Object {},
                  "targetChapter": Object {},
                  "writeGlobalToolData": [Function],
                }
              }
              appLanguage="en"
              clearState={[Function]}
              contextIdReducer={Object {}}
              currentToolViews={Object {}}
              loadChapterAlignments={[Function]}
              moveSourceToken={[Function]}
              projectDetailsReducer={Object {}}
              resetVerse={[Function]}
              resourcesReducer={
                Object {
                  "bibles": Array [],
                  "lexicons": Object {},
                }
              }
              selectionsReducer={
                Object {
                  "selections": Array [
                    Object {
                      "text": "text",
                    },
                  ],
                }
              }
              settingsReducer={
                Object {
                  "toolsSettings": Object {
                    "ScripturePane": Object {
                      "currentPaneSettings": Array [],
                    },
                  },
                }
              }
              sourceTokens={Array []}
              targetTokens={Array []}
              translate={[Function]}
              unalignTargetToken={[Function]}
              verseAlignments={Array []}
              verseIsValid={true}
              wordAlignmentReducer={
                Object {
                  "alignmentData": Object {},
                }
              }
            />
          </Connect(Container)>
        </DragDropContext(Connect(Container))>
      </TestContextContainer>
    </Provider>
  </Tool>
</DragDropContext(Tool)>
`;
