// Jest Snapshot v1, https://goo.gl/fbAQLP

exports[`Container renders 1`] = `
<DragDropContext(Tool)
  actions={
    Object {
      "getWordListForVerse": [Function],
      "loadLexiconEntry": [Function],
      "moveBackToWordBank": [Function],
      "setToolSettings": [Function],
      "showPopover": [Function],
    }
  }
  appLanguage="en"
  contextIdReducer={Object {}}
  currentToolViews={Object {}}
  projectDetailsReducer={Object {}}
  readGlobalToolData={[Function]}
  resourcesReducer={
    Object {
      "bibles": Array [],
      "lexicons": Object {},
    }
  }
  selectionsReducer={
    Object {
      "selections": Array [
        Object {
          "text": "text",
        },
      ],
    }
  }
  settingsReducer={
    Object {
      "toolsSettings": Object {
        "ScripturePane": Object {
          "currentPaneSettings": Array [],
        },
      },
    }
  }
  translate={[Function]}
  wordAlignmentReducer={
    Object {
      "alignmentData": Object {},
    }
  }
  writeGlobalToolData={[Function]}
>
  <Tool
    actions={
      Object {
        "getWordListForVerse": [Function],
        "loadLexiconEntry": [Function],
        "moveBackToWordBank": [Function],
        "setToolSettings": [Function],
        "showPopover": [Function],
      }
    }
    appLanguage="en"
    contextIdReducer={Object {}}
    currentToolViews={Object {}}
    projectDetailsReducer={Object {}}
    readGlobalToolData={[Function]}
    resourcesReducer={
      Object {
        "bibles": Array [],
        "lexicons": Object {},
      }
    }
    selectionsReducer={
      Object {
        "selections": Array [
          Object {
            "text": "text",
          },
        ],
      }
    }
    settingsReducer={
      Object {
        "toolsSettings": Object {
          "ScripturePane": Object {
            "currentPaneSettings": Array [],
          },
        },
      }
    }
    translate={[Function]}
    wordAlignmentReducer={
      Object {
        "alignmentData": Object {},
      }
    }
    writeGlobalToolData={[Function]}
  >
    <Provider
      store={
        Object {
          "dispatch": [Function],
          "getState": [Function],
          "replaceReducer": [Function],
          "subscribe": [Function],
          Symbol(observable): [Function],
        }
      }
    >
      <TestContextContainer
        actions={
          Object {
            "getWordListForVerse": [Function],
            "loadLexiconEntry": [Function],
            "moveBackToWordBank": [Function],
            "setToolSettings": [Function],
            "showPopover": [Function],
          }
        }
        appLanguage="en"
        contextIdReducer={Object {}}
        currentToolViews={Object {}}
        projectDetailsReducer={Object {}}
        readGlobalToolData={[Function]}
        resourcesReducer={
          Object {
            "bibles": Array [],
            "lexicons": Object {},
          }
        }
        selectionsReducer={
          Object {
            "selections": Array [
              Object {
                "text": "text",
              },
            ],
          }
        }
        settingsReducer={
          Object {
            "toolsSettings": Object {
              "ScripturePane": Object {
                "currentPaneSettings": Array [],
              },
            },
          }
        }
        translate={[Function]}
        wordAlignmentReducer={
          Object {
            "alignmentData": Object {},
          }
        }
        writeGlobalToolData={[Function]}
      >
        <DragDropContext(Connect(Container))
          actions={
            Object {
              "getWordListForVerse": [Function],
              "loadLexiconEntry": [Function],
              "moveBackToWordBank": [Function],
              "setToolSettings": [Function],
              "showPopover": [Function],
            }
          }
          appLanguage="en"
          contextIdReducer={Object {}}
          currentToolViews={Object {}}
          projectDetailsReducer={Object {}}
          readGlobalToolData={[Function]}
          resourcesReducer={
            Object {
              "bibles": Array [],
              "lexicons": Object {},
            }
          }
          selectionsReducer={
            Object {
              "selections": Array [
                Object {
                  "text": "text",
                },
              ],
            }
          }
          settingsReducer={
            Object {
              "toolsSettings": Object {
                "ScripturePane": Object {
                  "currentPaneSettings": Array [],
                },
              },
            }
          }
          translate={[Function]}
          wordAlignmentReducer={
            Object {
              "alignmentData": Object {},
            }
          }
          writeGlobalToolData={[Function]}
        >
          <Connect(Container)
            actions={
              Object {
                "getWordListForVerse": [Function],
                "loadLexiconEntry": [Function],
                "moveBackToWordBank": [Function],
                "setToolSettings": [Function],
                "showPopover": [Function],
              }
            }
            appLanguage="en"
            contextIdReducer={Object {}}
            currentToolViews={Object {}}
            projectDetailsReducer={Object {}}
            readGlobalToolData={[Function]}
            resourcesReducer={
              Object {
                "bibles": Array [],
                "lexicons": Object {},
              }
            }
            selectionsReducer={
              Object {
                "selections": Array [
                  Object {
                    "text": "text",
                  },
                ],
              }
            }
            settingsReducer={
              Object {
                "toolsSettings": Object {
                  "ScripturePane": Object {
                    "currentPaneSettings": Array [],
                  },
                },
              }
            }
            translate={[Function]}
            wordAlignmentReducer={
              Object {
                "alignmentData": Object {},
              }
            }
            writeGlobalToolData={[Function]}
          >
            <Container
              actions={
                Object {
                  "getWordListForVerse": [Function],
                  "loadLexiconEntry": [Function],
                  "moveBackToWordBank": [Function],
                  "setToolSettings": [Function],
                  "showPopover": [Function],
                }
              }
              alignTargetToken={[Function]}
              alignedTokens={Array []}
              appLanguage="en"
              clearState={[Function]}
              contextIdReducer={Object {}}
              currentToolViews={Object {}}
              indexChapterAlignments={[Function]}
              moveSourceToken={[Function]}
              projectDetailsReducer={Object {}}
              readGlobalToolData={[Function]}
              resourcesReducer={
                Object {
                  "bibles": Array [],
                  "lexicons": Object {},
                }
              }
              selectionsReducer={
                Object {
                  "selections": Array [
                    Object {
                      "text": "text",
                    },
                  ],
                }
              }
              setChapterAlignments={[Function]}
              setSourceTokens={[Function]}
              setTargetTokens={[Function]}
              settingsReducer={
                Object {
                  "toolsSettings": Object {
                    "ScripturePane": Object {
                      "currentPaneSettings": Array [],
                    },
                  },
                }
              }
              translate={[Function]}
              unalignTargetToken={[Function]}
              verseAlignments={Array []}
              wordAlignmentReducer={
                Object {
                  "alignmentData": Object {},
                }
              }
              writeGlobalToolData={[Function]}
            />
          </Connect(Container)>
        </DragDropContext(Connect(Container))>
      </TestContextContainer>
    </Provider>
  </Tool>
</DragDropContext(Tool)>
`;
