// Jest Snapshot v1, https://goo.gl/fbAQLP

exports[`MAPControls renders 1`] = `
<MuiThemeProvider>
  <div
    style={
      Object {
        "boxShadow": "rgba(0, 0, 0, 0.21) 0px -5px 5px 0px",
        "padding": "0 10px",
        "textAlign": "center",
        "width": "100%",
      }
    }
  >
    <ActionInfo
      onClick={[Function]}
      style={
        Object {
          "color": "var(--accent-color-dark)",
          "cursor": "pointer",
          "height": 30,
          "marginRight": "5px",
          "verticalAlign": "middle",
          "width": 30,
        }
      }
    />
    <Tooltip
      delayHide={100}
      delayShow={1000}
      effect="solid"
      location="bottom"
      tooltip="suggestions.refresh_suggestions"
      type="dark"
    >
      <SecondaryButton
        disabled={false}
        onClick={[Function]}
        style={
          Object {
            "marginLeft": 10,
          }
        }
      >
        <NavigationRefresh
          style={
            Object {
              "color": "var(--accent-color-dark)",
              "height": 20,
              "marginRight": "5px",
              "verticalAlign": "middle",
              "width": 20,
            }
          }
        />
        suggestions.refresh
      </SecondaryButton>
    </Tooltip>
    <Tooltip
      delayHide={100}
      delayShow={1000}
      effect="solid"
      location="bottom"
      tooltip="suggestions.accept_suggestions"
      type="dark"
    >
      <SecondaryButton
        disabled={false}
        onClick={[Function]}
        style={
          Object {
            "marginLeft": 10,
          }
        }
      >
        <ActionCheckCircle
          style={
            Object {
              "color": "var(--accent-color-dark)",
              "height": 20,
              "marginRight": "5px",
              "verticalAlign": "middle",
              "width": 20,
            }
          }
        />
        suggestions.accept
      </SecondaryButton>
    </Tooltip>
    <Tooltip
      delayHide={100}
      delayShow={1000}
      effect="solid"
      location="bottom"
      tooltip="suggestions.reject_suggestions"
      type="dark"
    >
      <SecondaryButton
        disabled={false}
        onClick={[Function]}
        style={
          Object {
            "marginLeft": 10,
          }
        }
      >
        <NavigationCancel
          style={
            Object {
              "color": "var(--accent-color-dark)",
              "height": 20,
              "marginRight": "5px",
              "verticalAlign": "middle",
              "width": 20,
            }
          }
        />
        suggestions.reject
      </SecondaryButton>
    </Tooltip>
    <Toggle
      defaultToggled={false}
      disabled={false}
      iconStyle={
        Object {
          "marginTop": "8px",
        }
      }
      label="alignment_complete"
      labelPosition="right"
      labelStyle={
        Object {
          "color": "var(--accent-color-dark)",
          "lineHeight": "18px",
          "textAlign": "left",
        }
      }
      onToggle={[Function]}
      style={
        Object {
          "display": "inline-block",
          "fontSize": "14px",
          "margin": "10px",
          "verticalAlign": "middle",
          "width": "auto",
        }
      }
      thumbSwitchedStyle={
        Object {
          "backgroundColor": "var(--accent-color-dark)",
        }
      }
      toggled={false}
      trackSwitchedStyle={
        Object {
          "backgroundColor": "var(--accent-color)",
        }
      }
    />
  </div>
</MuiThemeProvider>
`;
